<pre style='text-align: left; border: 1px dashed #008DEF; line-height: 18px; padding: 15px; font-size: 13px; font-family:'Courier New', Courier, monospace; overflow: auto;'><span style='color:#3F7F5F'>/**&#13;&#10; * This is the comment for testing grunt java2html plugin &#13;&#10; */</span>
<span style='font-weight:bold;color:#7B0052;'>public</span> <span style='font-weight:bold;color:#7B0052;'>boolean</span> myLevel22Function() <span style='font-weight:bold;color:#D3171B'>{</span>
	<span style='color:#3F7F5F'>// Inline comment for testing purposes&#13;&#10;</span>	String variable = <span style='font-weight:bold;color:#7B0052;'>new</span> String(<span style='color:#2A00FF'>&quot;my string&quot;</span>);
	<span style='font-weight:bold;color:#7B0052;'>return</span> <span style='font-weight:bold;color:#7B0052;'>true</span>;
<span style='font-weight:bold;color:#D3171B'>}</span></pre>