<pre style='text-align: left; border: 1px dashed #CC66FF; line-height: 18px; padding: 15px; font-size: 13px; font-family:'Courier New', Courier, monospace; overflow: auto;'><span style='color:#00FF00'>/**&#13;&#10; * This is the comment for testing grunt java2html plugin y en Espa&ntilde;ol ESPA&Ntilde;OL &#13;&#10; */</span>
<span style='font-weight:bold;color:#003399;'>public</span> List&lt;String&gt; myLevel11Function() <span style='font-weight:bold;color:#993300'>{</span>
	<span style='color:#000000'>// Inline comment for testing purposes&#13;&#10;</span>	<span style='font-weight:bold;color:#003399;'>char</span> c = <span style='color:#009900'>&#39;a&#39;</span>;
	String variable = <span style='font-weight:bold;color:#003399;'>new</span> String(<span style='color:#FFFF00'>&quot;my str&iacute;ng Espa&ntilde;ol&quot;</span>);
	<span style='font-weight:bold;color:#003399;'>return</span> <span style='font-weight:bold;color:#003399;'>true</span>;
<span style='font-weight:bold;color:#993300'>}</span></pre>