<pre style='text-align: left; border: 1px dashed #CC66FF; line-height: 18px; padding: 15px; font-size: 13px; font-family:'Courier New', Courier, monospace; overflow: auto;'><span style='color:#00FF00'>/**&#13;&#10; * This is the comment for testing grunt java2html plugin &#13;&#10; */</span>
<span style='font-weight:bold;color:#003399;'>public</span> <span style='font-weight:bold;color:#003399;'>boolean</span> myLevel12Function() <span style='font-weight:bold;color:#993300'>{</span>
	<span style='color:#000000'>// Inline comment for testing purposes&#13;&#10;</span>	String variable = <span style='font-weight:bold;color:#003399;'>new</span> String(<span style='color:#FFFF00'>&quot;my string&quot;</span>);
	<span style='font-weight:bold;color:#003399;'>return</span> <span style='font-weight:bold;color:#003399;'>true</span>;
<span style='font-weight:bold;color:#993300'>}</span></pre>