<pre style='text-align: left; border: 1px dashed #008DEF; line-height: 18px; padding: 15px; font-size: 13px; font-family:'Courier New', Courier, monospace; overflow: auto;'><span style='color:#3F7F5F'>/**
 * This is the comment for testing grunt java2html plugin 
 */</span>
<span style='font-weight:bold;color:#7B0052;'>public</span> <span style='font-weight:bold;color:#7B0052;'>boolean</span> myLevel21Function() <span style='font-weight:bold;color:#D3171B'>{</span>
	<span style='color:#3F7F5F'>// Inline comment for testing purposes
</span>	String variable = <span style='font-weight:bold;color:#7B0052;'>new</span> String(<span style='color:#2A00FF'>"my string"</span>);
	<span style='font-weight:bold;color:#7B0052;'>return</span> <span style='font-weight:bold;color:#7B0052;'>true</span>;
<span style='font-weight:bold;color:#D3171B'>}</span></pre>